---
source: tests/snapshot.rs
expression: "render(&model, 84, 26)"
---
 TODAY                                                                              
 ────────────────┌────────────────────────────────────────────────┐──────────────── 
  ○ Nand2Tetris c│                                                │                 
  ○ learn GPUI ev│                ▀█▀ ▄▀█ ▄▀▀ █ █                 │                 
                 │                 █  █▀█ ▀▀▄ █ █                 │                 
 THIS WEEK  41/53│                 ▀  ▀ ▀ ▄▄▀ ▀▄▀                 │                 
 ────────────────│  !  fatal: repository …u/tasu-data' not found  │──────────────── 
  ○ write the REA│                                                │                 
                 │  j / k                                   move  │                 
 LATER           │  h / l                previous / next section  │                 
 ────────────────│  g / G                           top / bottom  │──────────────── 
  ○ read the rata│  space                                   done  │                 
                 │  a                             add (to today)  │                 
                 │  e                                 edit title  │                 
                 │  t                              move to today  │                 
                 │  [ / ]         send to previous / next bucket  │                 
                 │  x                             drop (archive)  │                 
                 │  c                                    history  │                 
                 │  tab          history: done / dropped (or ←→)  │                 
                 │  q / esc                                 quit  │                 
                 │  ctrl+c                         quit anywhere  │                 
                 │                                                │                 
                 │           data  /tmp/tasu/todos.json           │                 
                 │                                                │                 
                 └────────────────────────────────────────────────┘                 
 ↑↓ scroll  esc close                                                             ●
