---
source: tests/snapshot.rs
expression: out
---
 TODAY                                                                              
 ──────────┌────────────────────────────────────────────────────────────┐────────── 
  ○ Nand2Te│                                                            │           
  ○ learn G│                      ▀█▀ ▄▀█ ▄▀▀ █ █                       │           
           │                       █  █▀█ ▀▀▄ █ █                       │           
 THIS WEEK │                       ▀  ▀ ▀ ▄▄▀ ▀▄▀                       │           
 ──────────│                                                            │────────── 
  ○ write t│   j / k / ↓ / ↑                                     move   │           
           │   h / l / ← / →                  previous / next section   │           
 LATER     │   g / G / home / end                        top / bottom   │           
 ──────────│   space / enter                                     done   │────────── 
  ○ read th│   a                                       add (to today)   │           
           │   e                                           edit title   │           
           │   t                                        move to today   │           
           │   [ / ]                   send to previous / next bucket   │           
           │   x                                       drop (archive)   │           
           │   c                                              history   │           
           │   ?                                            this help   │           
           │   q / esc                                           quit   │           
           │   ctrl+c                                   quit anywhere   │           
           │                                                            │           
           │   data  /opt/tasu-data/Library/Application Support/tasu/   │           
           │                                               todos.json   │           
           │   sync            https://github.com/mancuoj-collective/   │           
           │                                            tasu-data.git   │           
           │                                                            │           
           │         ✗ authentication failed · run tasu sync            │           
           │                                                            │           
           └────────────────────────────────────────────────────────────┘           
 ↑↓ scroll  esc close                                          ✗ sync failed · auth
